2026-03-25T00:46:38+00:00 CRITICAL Declaration of Sbi\Helpers\PluginSilentUpgrader::download_package($package, $check_signatures = false) must be compatible with WP_Upgrader::download_package($package, $check_signatures = false, $hook_extra = []) di /var/www/html/surendo.co.id/wp-content/plugins/instagram-feed/inc/admin/PluginSilentUpgrader.php pada baris 279

2026-03-25T01:49:42+00:00 CRITICAL Declaration of Sbi\Helpers\PluginSilentUpgrader::download_package($package, $check_signatures = false) must be compatible with WP_Upgrader::download_package($package, $check_signatures = false, $hook_extra = []) di /var/www/html/surendo.co.id/wp-content/plugins/instagram-feed/inc/admin/PluginSilentUpgrader.php pada baris 279

2026-03-25T03:21:58+00:00 CRITICAL Declaration of Sbi\Helpers\PluginSilentUpgrader::download_package($package, $check_signatures = false) must be compatible with WP_Upgrader::download_package($package, $check_signatures = false, $hook_extra = []) di /var/www/html/surendo.co.id/wp-content/plugins/instagram-feed/inc/admin/PluginSilentUpgrader.php pada baris 279

2026-03-25T03:42:06+00:00 CRITICAL Uncaught TypeError: array_intersect(): Argument #2 must be of type array, string given in /var/www/html/surendo.co.id/wp-content/plugins/download-manager/libs/class.MediaAccessControl.php:80
Stack trace:
#0 /var/www/html/surendo.co.id/wp-content/plugins/download-manager/libs/class.MediaAccessControl.php(80): array_intersect()
#1 /var/www/html/surendo.co.id/wp-includes/class-wp-hook.php(308): WPDM\MediaAccessControl->protectMediaLibrary()
#2 /var/www/html/surendo.co.id/wp-includes/class-wp-hook.php(332): WP_Hook->apply_filters()
#3 /var/www/html/surendo.co.id/wp-includes/plugin.php(517): WP_Hook->do_action()
#4 /var/www/html/surendo.co.id/wp-settings.php(617): do_action()
#5 /var/www/html/surendo.co.id/wp-config.php(100): require_once('...')
#6 /var/www/html/surendo.co.id/wp-load.php(50): require_once('...')
#7 /var/www/html/surendo.co.id/wp-blog-header.php(13): require_once('...')
#8 /var/www/html/surendo.co.id/index.php(18): require('...')
#9 {main}
  thrown di /var/www/html/surendo.co.id/wp-content/plugins/download-manager/libs/class.MediaAccessControl.php pada baris 80

2026-03-25T05:02:28+00:00 CRITICAL Declaration of Sbi\Helpers\PluginSilentUpgrader::download_package($package, $check_signatures = false) must be compatible with WP_Upgrader::download_package($package, $check_signatures = false, $hook_extra = []) di /var/www/html/surendo.co.id/wp-content/plugins/instagram-feed/inc/admin/PluginSilentUpgrader.php pada baris 279

2026-03-25T05:08:47+00:00 CRITICAL Declaration of Sbi\Helpers\PluginSilentUpgrader::download_package($package, $check_signatures = false) must be compatible with WP_Upgrader::download_package($package, $check_signatures = false, $hook_extra = []) di /var/www/html/surendo.co.id/wp-content/plugins/instagram-feed/inc/admin/PluginSilentUpgrader.php pada baris 279

2026-03-25T05:08:51+00:00 CRITICAL Declaration of Sbi\Helpers\PluginSilentUpgrader::download_package($package, $check_signatures = false) must be compatible with WP_Upgrader::download_package($package, $check_signatures = false, $hook_extra = []) di /var/www/html/surendo.co.id/wp-content/plugins/instagram-feed/inc/admin/PluginSilentUpgrader.php pada baris 279

2026-03-25T07:32:44+00:00 CRITICAL Declaration of Sbi\Helpers\PluginSilentUpgrader::download_package($package, $check_signatures = false) must be compatible with WP_Upgrader::download_package($package, $check_signatures = false, $hook_extra = []) di /var/www/html/surendo.co.id/wp-content/plugins/instagram-feed/inc/admin/PluginSilentUpgrader.php pada baris 279

2026-03-25T07:32:46+00:00 CRITICAL Declaration of Sbi\Helpers\PluginSilentUpgrader::download_package($package, $check_signatures = false) must be compatible with WP_Upgrader::download_package($package, $check_signatures = false, $hook_extra = []) di /var/www/html/surendo.co.id/wp-content/plugins/instagram-feed/inc/admin/PluginSilentUpgrader.php pada baris 279

2026-03-25T07:32:48+00:00 CRITICAL Declaration of Sbi\Helpers\PluginSilentUpgrader::download_package($package, $check_signatures = false) must be compatible with WP_Upgrader::download_package($package, $check_signatures = false, $hook_extra = []) di /var/www/html/surendo.co.id/wp-content/plugins/instagram-feed/inc/admin/PluginSilentUpgrader.php pada baris 279

2026-03-25T07:33:24+00:00 CRITICAL Declaration of Sbi\Helpers\PluginSilentUpgrader::download_package($package, $check_signatures = false) must be compatible with WP_Upgrader::download_package($package, $check_signatures = false, $hook_extra = []) di /var/www/html/surendo.co.id/wp-content/plugins/instagram-feed/inc/admin/PluginSilentUpgrader.php pada baris 279

2026-03-25T07:33:24+00:00 CRITICAL Declaration of Sbi\Helpers\PluginSilentUpgrader::download_package($package, $check_signatures = false) must be compatible with WP_Upgrader::download_package($package, $check_signatures = false, $hook_extra = []) di /var/www/html/surendo.co.id/wp-content/plugins/instagram-feed/inc/admin/PluginSilentUpgrader.php pada baris 279

2026-03-25T07:33:26+00:00 CRITICAL Declaration of Sbi\Helpers\PluginSilentUpgrader::download_package($package, $check_signatures = false) must be compatible with WP_Upgrader::download_package($package, $check_signatures = false, $hook_extra = []) di /var/www/html/surendo.co.id/wp-content/plugins/instagram-feed/inc/admin/PluginSilentUpgrader.php pada baris 279

2026-03-25T07:33:28+00:00 CRITICAL Declaration of Sbi\Helpers\PluginSilentUpgrader::download_package($package, $check_signatures = false) must be compatible with WP_Upgrader::download_package($package, $check_signatures = false, $hook_extra = []) di /var/www/html/surendo.co.id/wp-content/plugins/instagram-feed/inc/admin/PluginSilentUpgrader.php pada baris 279

2026-03-25T07:33:30+00:00 CRITICAL Declaration of Sbi\Helpers\PluginSilentUpgrader::download_package($package, $check_signatures = false) must be compatible with WP_Upgrader::download_package($package, $check_signatures = false, $hook_extra = []) di /var/www/html/surendo.co.id/wp-content/plugins/instagram-feed/inc/admin/PluginSilentUpgrader.php pada baris 279

2026-03-25T07:33:30+00:00 CRITICAL Declaration of Sbi\Helpers\PluginSilentUpgrader::download_package($package, $check_signatures = false) must be compatible with WP_Upgrader::download_package($package, $check_signatures = false, $hook_extra = []) di /var/www/html/surendo.co.id/wp-content/plugins/instagram-feed/inc/admin/PluginSilentUpgrader.php pada baris 279

2026-03-25T07:33:30+00:00 CRITICAL Declaration of Sbi\Helpers\PluginSilentUpgrader::download_package($package, $check_signatures = false) must be compatible with WP_Upgrader::download_package($package, $check_signatures = false, $hook_extra = []) di /var/www/html/surendo.co.id/wp-content/plugins/instagram-feed/inc/admin/PluginSilentUpgrader.php pada baris 279

2026-03-25T09:31:43+00:00 CRITICAL Declaration of Sbi\Helpers\PluginSilentUpgrader::download_package($package, $check_signatures = false) must be compatible with WP_Upgrader::download_package($package, $check_signatures = false, $hook_extra = []) di /var/www/html/surendo.co.id/wp-content/plugins/instagram-feed/inc/admin/PluginSilentUpgrader.php pada baris 279

2026-03-25T09:31:57+00:00 CRITICAL Declaration of Sbi\Helpers\PluginSilentUpgrader::download_package($package, $check_signatures = false) must be compatible with WP_Upgrader::download_package($package, $check_signatures = false, $hook_extra = []) di /var/www/html/surendo.co.id/wp-content/plugins/instagram-feed/inc/admin/PluginSilentUpgrader.php pada baris 279

2026-03-25T09:51:22+00:00 CRITICAL Declaration of Sbi\Helpers\PluginSilentUpgrader::download_package($package, $check_signatures = false) must be compatible with WP_Upgrader::download_package($package, $check_signatures = false, $hook_extra = []) di /var/www/html/surendo.co.id/wp-content/plugins/instagram-feed/inc/admin/PluginSilentUpgrader.php pada baris 279

2026-03-25T10:47:58+00:00 CRITICAL Declaration of Sbi\Helpers\PluginSilentUpgrader::download_package($package, $check_signatures = false) must be compatible with WP_Upgrader::download_package($package, $check_signatures = false, $hook_extra = []) di /var/www/html/surendo.co.id/wp-content/plugins/instagram-feed/inc/admin/PluginSilentUpgrader.php pada baris 279

2026-03-25T10:48:12+00:00 CRITICAL Declaration of Sbi\Helpers\PluginSilentUpgrader::download_package($package, $check_signatures = false) must be compatible with WP_Upgrader::download_package($package, $check_signatures = false, $hook_extra = []) di /var/www/html/surendo.co.id/wp-content/plugins/instagram-feed/inc/admin/PluginSilentUpgrader.php pada baris 279

2026-03-25T11:51:53+00:00 CRITICAL Declaration of Sbi\Helpers\PluginSilentUpgrader::download_package($package, $check_signatures = false) must be compatible with WP_Upgrader::download_package($package, $check_signatures = false, $hook_extra = []) di /var/www/html/surendo.co.id/wp-content/plugins/instagram-feed/inc/admin/PluginSilentUpgrader.php pada baris 279

2026-03-25T11:52:26+00:00 CRITICAL Declaration of Sbi\Helpers\PluginSilentUpgrader::download_package($package, $check_signatures = false) must be compatible with WP_Upgrader::download_package($package, $check_signatures = false, $hook_extra = []) di /var/www/html/surendo.co.id/wp-content/plugins/instagram-feed/inc/admin/PluginSilentUpgrader.php pada baris 279

2026-03-25T12:31:23+00:00 CRITICAL Declaration of Sbi\Helpers\PluginSilentUpgrader::download_package($package, $check_signatures = false) must be compatible with WP_Upgrader::download_package($package, $check_signatures = false, $hook_extra = []) di /var/www/html/surendo.co.id/wp-content/plugins/instagram-feed/inc/admin/PluginSilentUpgrader.php pada baris 279

2026-03-25T12:38:46+00:00 CRITICAL Declaration of Sbi\Helpers\PluginSilentUpgrader::download_package($package, $check_signatures = false) must be compatible with WP_Upgrader::download_package($package, $check_signatures = false, $hook_extra = []) di /var/www/html/surendo.co.id/wp-content/plugins/instagram-feed/inc/admin/PluginSilentUpgrader.php pada baris 279

2026-03-25T12:52:00+00:00 CRITICAL Declaration of Sbi\Helpers\PluginSilentUpgrader::download_package($package, $check_signatures = false) must be compatible with WP_Upgrader::download_package($package, $check_signatures = false, $hook_extra = []) di /var/www/html/surendo.co.id/wp-content/plugins/instagram-feed/inc/admin/PluginSilentUpgrader.php pada baris 279

2026-03-25T12:52:01+00:00 CRITICAL Declaration of Sbi\Helpers\PluginSilentUpgrader::download_package($package, $check_signatures = false) must be compatible with WP_Upgrader::download_package($package, $check_signatures = false, $hook_extra = []) di /var/www/html/surendo.co.id/wp-content/plugins/instagram-feed/inc/admin/PluginSilentUpgrader.php pada baris 279

2026-03-25T13:50:23+00:00 CRITICAL Declaration of Sbi\Helpers\PluginSilentUpgrader::download_package($package, $check_signatures = false) must be compatible with WP_Upgrader::download_package($package, $check_signatures = false, $hook_extra = []) di /var/www/html/surendo.co.id/wp-content/plugins/instagram-feed/inc/admin/PluginSilentUpgrader.php pada baris 279

2026-03-25T13:50:52+00:00 CRITICAL Declaration of Sbi\Helpers\PluginSilentUpgrader::download_package($package, $check_signatures = false) must be compatible with WP_Upgrader::download_package($package, $check_signatures = false, $hook_extra = []) di /var/www/html/surendo.co.id/wp-content/plugins/instagram-feed/inc/admin/PluginSilentUpgrader.php pada baris 279

2026-03-25T14:34:15+00:00 CRITICAL Declaration of Sbi\Helpers\PluginSilentUpgrader::download_package($package, $check_signatures = false) must be compatible with WP_Upgrader::download_package($package, $check_signatures = false, $hook_extra = []) di /var/www/html/surendo.co.id/wp-content/plugins/instagram-feed/inc/admin/PluginSilentUpgrader.php pada baris 279

2026-03-25T15:09:33+00:00 CRITICAL Declaration of Sbi\Helpers\PluginSilentUpgrader::download_package($package, $check_signatures = false) must be compatible with WP_Upgrader::download_package($package, $check_signatures = false, $hook_extra = []) di /var/www/html/surendo.co.id/wp-content/plugins/instagram-feed/inc/admin/PluginSilentUpgrader.php pada baris 279

2026-03-25T15:56:18+00:00 CRITICAL Declaration of Sbi\Helpers\PluginSilentUpgrader::download_package($package, $check_signatures = false) must be compatible with WP_Upgrader::download_package($package, $check_signatures = false, $hook_extra = []) di /var/www/html/surendo.co.id/wp-content/plugins/instagram-feed/inc/admin/PluginSilentUpgrader.php pada baris 279

2026-03-25T20:50:59+00:00 CRITICAL Declaration of Sbi\Helpers\PluginSilentUpgrader::download_package($package, $check_signatures = false) must be compatible with WP_Upgrader::download_package($package, $check_signatures = false, $hook_extra = []) di /var/www/html/surendo.co.id/wp-content/plugins/instagram-feed/inc/admin/PluginSilentUpgrader.php pada baris 279

2026-03-25T22:36:58+00:00 CRITICAL Declaration of Sbi\Helpers\PluginSilentUpgrader::download_package($package, $check_signatures = false) must be compatible with WP_Upgrader::download_package($package, $check_signatures = false, $hook_extra = []) di /var/www/html/surendo.co.id/wp-content/plugins/instagram-feed/inc/admin/PluginSilentUpgrader.php pada baris 279

2026-03-25T23:08:12+00:00 CRITICAL Declaration of Sbi\Helpers\PluginSilentUpgrader::download_package($package, $check_signatures = false) must be compatible with WP_Upgrader::download_package($package, $check_signatures = false, $hook_extra = []) di /var/www/html/surendo.co.id/wp-content/plugins/instagram-feed/inc/admin/PluginSilentUpgrader.php pada baris 279

