2026-02-17T00:17:27+00:00 CRITICAL Declaration of Sbi\Helpers\PluginSilentUpgrader::download_package($package, $check_signatures = false) must be compatible with WP_Upgrader::download_package($package, $check_signatures = false, $hook_extra = []) di /var/www/html/surendo.co.id/wp-content/plugins/instagram-feed/inc/admin/PluginSilentUpgrader.php pada baris 279

2026-02-17T00:17:30+00:00 CRITICAL Declaration of Sbi\Helpers\PluginSilentUpgrader::download_package($package, $check_signatures = false) must be compatible with WP_Upgrader::download_package($package, $check_signatures = false, $hook_extra = []) di /var/www/html/surendo.co.id/wp-content/plugins/instagram-feed/inc/admin/PluginSilentUpgrader.php pada baris 279

2026-02-17T00:17:37+00:00 CRITICAL Declaration of Sbi\Helpers\PluginSilentUpgrader::download_package($package, $check_signatures = false) must be compatible with WP_Upgrader::download_package($package, $check_signatures = false, $hook_extra = []) di /var/www/html/surendo.co.id/wp-content/plugins/instagram-feed/inc/admin/PluginSilentUpgrader.php pada baris 279

2026-02-17T00:17:39+00:00 CRITICAL Declaration of Sbi\Helpers\PluginSilentUpgrader::download_package($package, $check_signatures = false) must be compatible with WP_Upgrader::download_package($package, $check_signatures = false, $hook_extra = []) di /var/www/html/surendo.co.id/wp-content/plugins/instagram-feed/inc/admin/PluginSilentUpgrader.php pada baris 279

2026-02-17T00:31:18+00:00 CRITICAL Declaration of Sbi\Helpers\PluginSilentUpgrader::download_package($package, $check_signatures = false) must be compatible with WP_Upgrader::download_package($package, $check_signatures = false, $hook_extra = []) di /var/www/html/surendo.co.id/wp-content/plugins/instagram-feed/inc/admin/PluginSilentUpgrader.php pada baris 279

2026-02-17T00:31:21+00:00 CRITICAL Declaration of Sbi\Helpers\PluginSilentUpgrader::download_package($package, $check_signatures = false) must be compatible with WP_Upgrader::download_package($package, $check_signatures = false, $hook_extra = []) di /var/www/html/surendo.co.id/wp-content/plugins/instagram-feed/inc/admin/PluginSilentUpgrader.php pada baris 279

2026-02-17T00:39:53+00:00 CRITICAL Declaration of Sbi\Helpers\PluginSilentUpgrader::download_package($package, $check_signatures = false) must be compatible with WP_Upgrader::download_package($package, $check_signatures = false, $hook_extra = []) di /var/www/html/surendo.co.id/wp-content/plugins/instagram-feed/inc/admin/PluginSilentUpgrader.php pada baris 279

2026-02-17T00:39:56+00:00 CRITICAL Declaration of Sbi\Helpers\PluginSilentUpgrader::download_package($package, $check_signatures = false) must be compatible with WP_Upgrader::download_package($package, $check_signatures = false, $hook_extra = []) di /var/www/html/surendo.co.id/wp-content/plugins/instagram-feed/inc/admin/PluginSilentUpgrader.php pada baris 279

2026-02-17T00:40:06+00:00 CRITICAL Declaration of Sbi\Helpers\PluginSilentUpgrader::download_package($package, $check_signatures = false) must be compatible with WP_Upgrader::download_package($package, $check_signatures = false, $hook_extra = []) di /var/www/html/surendo.co.id/wp-content/plugins/instagram-feed/inc/admin/PluginSilentUpgrader.php pada baris 279

2026-02-17T00:40:08+00:00 CRITICAL Declaration of Sbi\Helpers\PluginSilentUpgrader::download_package($package, $check_signatures = false) must be compatible with WP_Upgrader::download_package($package, $check_signatures = false, $hook_extra = []) di /var/www/html/surendo.co.id/wp-content/plugins/instagram-feed/inc/admin/PluginSilentUpgrader.php pada baris 279

2026-02-17T01:14:50+00:00 CRITICAL Declaration of Sbi\Helpers\PluginSilentUpgrader::download_package($package, $check_signatures = false) must be compatible with WP_Upgrader::download_package($package, $check_signatures = false, $hook_extra = []) di /var/www/html/surendo.co.id/wp-content/plugins/instagram-feed/inc/admin/PluginSilentUpgrader.php pada baris 279

2026-02-17T03:44:35+00:00 CRITICAL Uncaught TypeError: array_intersect(): Argument #2 must be of type array, string given in /var/www/html/surendo.co.id/wp-content/plugins/download-manager/libs/class.MediaAccessControl.php:80
Stack trace:
#0 /var/www/html/surendo.co.id/wp-content/plugins/download-manager/libs/class.MediaAccessControl.php(80): array_intersect()
#1 /var/www/html/surendo.co.id/wp-includes/class-wp-hook.php(308): WPDM\MediaAccessControl->protectMediaLibrary()
#2 /var/www/html/surendo.co.id/wp-includes/class-wp-hook.php(332): WP_Hook->apply_filters()
#3 /var/www/html/surendo.co.id/wp-includes/plugin.php(517): WP_Hook->do_action()
#4 /var/www/html/surendo.co.id/wp-settings.php(617): do_action()
#5 /var/www/html/surendo.co.id/wp-config.php(100): require_once('...')
#6 /var/www/html/surendo.co.id/wp-load.php(50): require_once('...')
#7 /var/www/html/surendo.co.id/wp-blog-header.php(13): require_once('...')
#8 /var/www/html/surendo.co.id/index.php(18): require('...')
#9 {main}
  thrown di /var/www/html/surendo.co.id/wp-content/plugins/download-manager/libs/class.MediaAccessControl.php pada baris 80

2026-02-17T03:50:01+00:00 CRITICAL Declaration of Sbi\Helpers\PluginSilentUpgrader::download_package($package, $check_signatures = false) must be compatible with WP_Upgrader::download_package($package, $check_signatures = false, $hook_extra = []) di /var/www/html/surendo.co.id/wp-content/plugins/instagram-feed/inc/admin/PluginSilentUpgrader.php pada baris 279

2026-02-17T07:38:04+00:00 CRITICAL Declaration of Sbi\Helpers\PluginSilentUpgrader::download_package($package, $check_signatures = false) must be compatible with WP_Upgrader::download_package($package, $check_signatures = false, $hook_extra = []) di /var/www/html/surendo.co.id/wp-content/plugins/instagram-feed/inc/admin/PluginSilentUpgrader.php pada baris 279

2026-02-17T11:02:31+00:00 CRITICAL Declaration of Sbi\Helpers\PluginSilentUpgrader::download_package($package, $check_signatures = false) must be compatible with WP_Upgrader::download_package($package, $check_signatures = false, $hook_extra = []) di /var/www/html/surendo.co.id/wp-content/plugins/instagram-feed/inc/admin/PluginSilentUpgrader.php pada baris 279

2026-02-17T11:02:32+00:00 CRITICAL Declaration of Sbi\Helpers\PluginSilentUpgrader::download_package($package, $check_signatures = false) must be compatible with WP_Upgrader::download_package($package, $check_signatures = false, $hook_extra = []) di /var/www/html/surendo.co.id/wp-content/plugins/instagram-feed/inc/admin/PluginSilentUpgrader.php pada baris 279

2026-02-17T12:17:56+00:00 CRITICAL Declaration of Sbi\Helpers\PluginSilentUpgrader::download_package($package, $check_signatures = false) must be compatible with WP_Upgrader::download_package($package, $check_signatures = false, $hook_extra = []) di /var/www/html/surendo.co.id/wp-content/plugins/instagram-feed/inc/admin/PluginSilentUpgrader.php pada baris 279

2026-02-17T14:31:29+00:00 CRITICAL Declaration of Sbi\Helpers\PluginSilentUpgrader::download_package($package, $check_signatures = false) must be compatible with WP_Upgrader::download_package($package, $check_signatures = false, $hook_extra = []) di /var/www/html/surendo.co.id/wp-content/plugins/instagram-feed/inc/admin/PluginSilentUpgrader.php pada baris 279

2026-02-17T14:31:36+00:00 CRITICAL Declaration of Sbi\Helpers\PluginSilentUpgrader::download_package($package, $check_signatures = false) must be compatible with WP_Upgrader::download_package($package, $check_signatures = false, $hook_extra = []) di /var/www/html/surendo.co.id/wp-content/plugins/instagram-feed/inc/admin/PluginSilentUpgrader.php pada baris 279

2026-02-17T14:33:22+00:00 CRITICAL Declaration of Sbi\Helpers\PluginSilentUpgrader::download_package($package, $check_signatures = false) must be compatible with WP_Upgrader::download_package($package, $check_signatures = false, $hook_extra = []) di /var/www/html/surendo.co.id/wp-content/plugins/instagram-feed/inc/admin/PluginSilentUpgrader.php pada baris 279

2026-02-17T17:01:58+00:00 CRITICAL Declaration of Sbi\Helpers\PluginSilentUpgrader::download_package($package, $check_signatures = false) must be compatible with WP_Upgrader::download_package($package, $check_signatures = false, $hook_extra = []) di /var/www/html/surendo.co.id/wp-content/plugins/instagram-feed/inc/admin/PluginSilentUpgrader.php pada baris 279

2026-02-17T22:47:06+00:00 CRITICAL Declaration of Sbi\Helpers\PluginSilentUpgrader::download_package($package, $check_signatures = false) must be compatible with WP_Upgrader::download_package($package, $check_signatures = false, $hook_extra = []) di /var/www/html/surendo.co.id/wp-content/plugins/instagram-feed/inc/admin/PluginSilentUpgrader.php pada baris 279

2026-02-17T22:47:08+00:00 CRITICAL Declaration of Sbi\Helpers\PluginSilentUpgrader::download_package($package, $check_signatures = false) must be compatible with WP_Upgrader::download_package($package, $check_signatures = false, $hook_extra = []) di /var/www/html/surendo.co.id/wp-content/plugins/instagram-feed/inc/admin/PluginSilentUpgrader.php pada baris 279

2026-02-17T22:47:18+00:00 CRITICAL Declaration of Sbi\Helpers\PluginSilentUpgrader::download_package($package, $check_signatures = false) must be compatible with WP_Upgrader::download_package($package, $check_signatures = false, $hook_extra = []) di /var/www/html/surendo.co.id/wp-content/plugins/instagram-feed/inc/admin/PluginSilentUpgrader.php pada baris 279

2026-02-17T22:47:27+00:00 CRITICAL Declaration of Sbi\Helpers\PluginSilentUpgrader::download_package($package, $check_signatures = false) must be compatible with WP_Upgrader::download_package($package, $check_signatures = false, $hook_extra = []) di /var/www/html/surendo.co.id/wp-content/plugins/instagram-feed/inc/admin/PluginSilentUpgrader.php pada baris 279

2026-02-17T22:47:35+00:00 CRITICAL Declaration of Sbi\Helpers\PluginSilentUpgrader::download_package($package, $check_signatures = false) must be compatible with WP_Upgrader::download_package($package, $check_signatures = false, $hook_extra = []) di /var/www/html/surendo.co.id/wp-content/plugins/instagram-feed/inc/admin/PluginSilentUpgrader.php pada baris 279

2026-02-17T22:47:51+00:00 CRITICAL Declaration of Sbi\Helpers\PluginSilentUpgrader::download_package($package, $check_signatures = false) must be compatible with WP_Upgrader::download_package($package, $check_signatures = false, $hook_extra = []) di /var/www/html/surendo.co.id/wp-content/plugins/instagram-feed/inc/admin/PluginSilentUpgrader.php pada baris 279

2026-02-17T23:24:25+00:00 CRITICAL Declaration of Sbi\Helpers\PluginSilentUpgrader::download_package($package, $check_signatures = false) must be compatible with WP_Upgrader::download_package($package, $check_signatures = false, $hook_extra = []) di /var/www/html/surendo.co.id/wp-content/plugins/instagram-feed/inc/admin/PluginSilentUpgrader.php pada baris 279

2026-02-17T23:24:32+00:00 CRITICAL Declaration of Sbi\Helpers\PluginSilentUpgrader::download_package($package, $check_signatures = false) must be compatible with WP_Upgrader::download_package($package, $check_signatures = false, $hook_extra = []) di /var/www/html/surendo.co.id/wp-content/plugins/instagram-feed/inc/admin/PluginSilentUpgrader.php pada baris 279

