2026-05-05T09:07:43+00:00 CRITICAL Declaration of Sbi\Helpers\PluginSilentUpgrader::download_package($package, $check_signatures = false) must be compatible with WP_Upgrader::download_package($package, $check_signatures = false, $hook_extra = []) di /var/www/html/surendo.co.id/wp-content/plugins/instagram-feed/inc/admin/PluginSilentUpgrader.php pada baris 279

2026-05-05T09:07:43+00:00 CRITICAL Declaration of Sbi\Helpers\PluginSilentUpgrader::download_package($package, $check_signatures = false) must be compatible with WP_Upgrader::download_package($package, $check_signatures = false, $hook_extra = []) di /var/www/html/surendo.co.id/wp-content/plugins/instagram-feed/inc/admin/PluginSilentUpgrader.php pada baris 279

2026-05-05T09:07:50+00:00 CRITICAL Declaration of Sbi\Helpers\PluginSilentUpgrader::download_package($package, $check_signatures = false) must be compatible with WP_Upgrader::download_package($package, $check_signatures = false, $hook_extra = []) di /var/www/html/surendo.co.id/wp-content/plugins/instagram-feed/inc/admin/PluginSilentUpgrader.php pada baris 279

2026-05-05T09:14:23+00:00 CRITICAL Declaration of Sbi\Helpers\PluginSilentUpgrader::download_package($package, $check_signatures = false) must be compatible with WP_Upgrader::download_package($package, $check_signatures = false, $hook_extra = []) di /var/www/html/surendo.co.id/wp-content/plugins/instagram-feed/inc/admin/PluginSilentUpgrader.php pada baris 279

2026-05-05T13:18:16+00:00 CRITICAL Uncaught TypeError: array_intersect(): Argument #2 must be of type array, string given in /var/www/html/surendo.co.id/wp-content/plugins/download-manager/libs/class.MediaAccessControl.php:80
Stack trace:
#0 /var/www/html/surendo.co.id/wp-content/plugins/download-manager/libs/class.MediaAccessControl.php(80): array_intersect()
#1 /var/www/html/surendo.co.id/wp-includes/class-wp-hook.php(308): WPDM\MediaAccessControl->protectMediaLibrary()
#2 /var/www/html/surendo.co.id/wp-includes/class-wp-hook.php(332): WP_Hook->apply_filters()
#3 /var/www/html/surendo.co.id/wp-includes/plugin.php(517): WP_Hook->do_action()
#4 /var/www/html/surendo.co.id/wp-settings.php(617): do_action()
#5 /var/www/html/surendo.co.id/wp-config.php(100): require_once('...')
#6 /var/www/html/surendo.co.id/wp-load.php(50): require_once('...')
#7 /var/www/html/surendo.co.id/wp-blog-header.php(13): require_once('...')
#8 /var/www/html/surendo.co.id/index.php(18): require('...')
#9 {main}
  thrown di /var/www/html/surendo.co.id/wp-content/plugins/download-manager/libs/class.MediaAccessControl.php pada baris 80

2026-05-05T18:21:30+00:00 CRITICAL Declaration of Sbi\Helpers\PluginSilentUpgrader::download_package($package, $check_signatures = false) must be compatible with WP_Upgrader::download_package($package, $check_signatures = false, $hook_extra = []) di /var/www/html/surendo.co.id/wp-content/plugins/instagram-feed/inc/admin/PluginSilentUpgrader.php pada baris 279

2026-05-05T18:56:53+00:00 CRITICAL Declaration of Sbi\Helpers\PluginSilentUpgrader::download_package($package, $check_signatures = false) must be compatible with WP_Upgrader::download_package($package, $check_signatures = false, $hook_extra = []) di /var/www/html/surendo.co.id/wp-content/plugins/instagram-feed/inc/admin/PluginSilentUpgrader.php pada baris 279

2026-05-05T19:57:28+00:00 CRITICAL Declaration of Sbi\Helpers\PluginSilentUpgrader::download_package($package, $check_signatures = false) must be compatible with WP_Upgrader::download_package($package, $check_signatures = false, $hook_extra = []) di /var/www/html/surendo.co.id/wp-content/plugins/instagram-feed/inc/admin/PluginSilentUpgrader.php pada baris 279

2026-05-05T20:02:02+00:00 CRITICAL Declaration of Sbi\Helpers\PluginSilentUpgrader::download_package($package, $check_signatures = false) must be compatible with WP_Upgrader::download_package($package, $check_signatures = false, $hook_extra = []) di /var/www/html/surendo.co.id/wp-content/plugins/instagram-feed/inc/admin/PluginSilentUpgrader.php pada baris 279

2026-05-05T20:02:12+00:00 CRITICAL Declaration of Sbi\Helpers\PluginSilentUpgrader::download_package($package, $check_signatures = false) must be compatible with WP_Upgrader::download_package($package, $check_signatures = false, $hook_extra = []) di /var/www/html/surendo.co.id/wp-content/plugins/instagram-feed/inc/admin/PluginSilentUpgrader.php pada baris 279

2026-05-05T20:02:32+00:00 CRITICAL Declaration of Sbi\Helpers\PluginSilentUpgrader::download_package($package, $check_signatures = false) must be compatible with WP_Upgrader::download_package($package, $check_signatures = false, $hook_extra = []) di /var/www/html/surendo.co.id/wp-content/plugins/instagram-feed/inc/admin/PluginSilentUpgrader.php pada baris 279

2026-05-05T20:03:15+00:00 CRITICAL Declaration of Sbi\Helpers\PluginSilentUpgrader::download_package($package, $check_signatures = false) must be compatible with WP_Upgrader::download_package($package, $check_signatures = false, $hook_extra = []) di /var/www/html/surendo.co.id/wp-content/plugins/instagram-feed/inc/admin/PluginSilentUpgrader.php pada baris 279

2026-05-05T20:04:51+00:00 CRITICAL Declaration of Sbi\Helpers\PluginSilentUpgrader::download_package($package, $check_signatures = false) must be compatible with WP_Upgrader::download_package($package, $check_signatures = false, $hook_extra = []) di /var/www/html/surendo.co.id/wp-content/plugins/instagram-feed/inc/admin/PluginSilentUpgrader.php pada baris 279

2026-05-05T20:05:07+00:00 CRITICAL Declaration of Sbi\Helpers\PluginSilentUpgrader::download_package($package, $check_signatures = false) must be compatible with WP_Upgrader::download_package($package, $check_signatures = false, $hook_extra = []) di /var/www/html/surendo.co.id/wp-content/plugins/instagram-feed/inc/admin/PluginSilentUpgrader.php pada baris 279

2026-05-05T20:17:48+00:00 CRITICAL Declaration of Sbi\Helpers\PluginSilentUpgrader::download_package($package, $check_signatures = false) must be compatible with WP_Upgrader::download_package($package, $check_signatures = false, $hook_extra = []) di /var/www/html/surendo.co.id/wp-content/plugins/instagram-feed/inc/admin/PluginSilentUpgrader.php pada baris 279

2026-05-05T20:17:49+00:00 CRITICAL Declaration of Sbi\Helpers\PluginSilentUpgrader::download_package($package, $check_signatures = false) must be compatible with WP_Upgrader::download_package($package, $check_signatures = false, $hook_extra = []) di /var/www/html/surendo.co.id/wp-content/plugins/instagram-feed/inc/admin/PluginSilentUpgrader.php pada baris 279

2026-05-05T20:18:29+00:00 CRITICAL Declaration of Sbi\Helpers\PluginSilentUpgrader::download_package($package, $check_signatures = false) must be compatible with WP_Upgrader::download_package($package, $check_signatures = false, $hook_extra = []) di /var/www/html/surendo.co.id/wp-content/plugins/instagram-feed/inc/admin/PluginSilentUpgrader.php pada baris 279

2026-05-05T20:18:31+00:00 CRITICAL Declaration of Sbi\Helpers\PluginSilentUpgrader::download_package($package, $check_signatures = false) must be compatible with WP_Upgrader::download_package($package, $check_signatures = false, $hook_extra = []) di /var/www/html/surendo.co.id/wp-content/plugins/instagram-feed/inc/admin/PluginSilentUpgrader.php pada baris 279

2026-05-05T20:18:33+00:00 CRITICAL Declaration of Sbi\Helpers\PluginSilentUpgrader::download_package($package, $check_signatures = false) must be compatible with WP_Upgrader::download_package($package, $check_signatures = false, $hook_extra = []) di /var/www/html/surendo.co.id/wp-content/plugins/instagram-feed/inc/admin/PluginSilentUpgrader.php pada baris 279

2026-05-05T20:19:19+00:00 CRITICAL Declaration of Sbi\Helpers\PluginSilentUpgrader::download_package($package, $check_signatures = false) must be compatible with WP_Upgrader::download_package($package, $check_signatures = false, $hook_extra = []) di /var/www/html/surendo.co.id/wp-content/plugins/instagram-feed/inc/admin/PluginSilentUpgrader.php pada baris 279

2026-05-05T22:52:26+00:00 CRITICAL Declaration of Sbi\Helpers\PluginSilentUpgrader::download_package($package, $check_signatures = false) must be compatible with WP_Upgrader::download_package($package, $check_signatures = false, $hook_extra = []) di /var/www/html/surendo.co.id/wp-content/plugins/instagram-feed/inc/admin/PluginSilentUpgrader.php pada baris 279

2026-05-05T22:55:18+00:00 CRITICAL Declaration of Sbi\Helpers\PluginSilentUpgrader::download_package($package, $check_signatures = false) must be compatible with WP_Upgrader::download_package($package, $check_signatures = false, $hook_extra = []) di /var/www/html/surendo.co.id/wp-content/plugins/instagram-feed/inc/admin/PluginSilentUpgrader.php pada baris 279

2026-05-05T22:57:02+00:00 CRITICAL Declaration of Sbi\Helpers\PluginSilentUpgrader::download_package($package, $check_signatures = false) must be compatible with WP_Upgrader::download_package($package, $check_signatures = false, $hook_extra = []) di /var/www/html/surendo.co.id/wp-content/plugins/instagram-feed/inc/admin/PluginSilentUpgrader.php pada baris 279

